------------------------------------------------------------
Timing Analyzer Summary
------------------------------------------------------------

Type  : Slow 1200mV 85C Model Setup 'pclk'
Slack : -3.282
TNS   : -141.535

Type  : Slow 1200mV 85C Model Setup 'clk31|altpll_component|auto_generated|pll1|clk[0]'
Slack : 24.205
TNS   : 0.000

Type  : Slow 1200mV 85C Model Hold 'pclk'
Slack : 0.485
TNS   : 0.000

Type  : Slow 1200mV 85C Model Hold 'clk31|altpll_component|auto_generated|pll1|clk[0]'
Slack : 0.736
TNS   : 0.000

Type  : Slow 1200mV 85C Model Minimum Pulse Width 'pclk'
Slack : -3.201
TNS   : -150.950

Type  : Slow 1200mV 85C Model Minimum Pulse Width 'clk'
Slack : 9.895
TNS   : 0.000

Type  : Slow 1200mV 85C Model Minimum Pulse Width 'clk31|altpll_component|auto_generated|pll1|clk[0]'
Slack : 15.598
TNS   : 0.000

Type  : Slow 1200mV 0C Model Setup 'pclk'
Slack : -3.193
TNS   : -133.371

Type  : Slow 1200mV 0C Model Setup 'clk31|altpll_component|auto_generated|pll1|clk[0]'
Slack : 24.747
TNS   : 0.000

Type  : Slow 1200mV 0C Model Hold 'pclk'
Slack : 0.430
TNS   : 0.000

Type  : Slow 1200mV 0C Model Hold 'clk31|altpll_component|auto_generated|pll1|clk[0]'
Slack : 0.685
TNS   : 0.000

Type  : Slow 1200mV 0C Model Minimum Pulse Width 'pclk'
Slack : -3.201
TNS   : -151.136

Type  : Slow 1200mV 0C Model Minimum Pulse Width 'clk'
Slack : 9.906
TNS   : 0.000

Type  : Slow 1200mV 0C Model Minimum Pulse Width 'clk31|altpll_component|auto_generated|pll1|clk[0]'
Slack : 15.595
TNS   : 0.000

Type  : Fast 1200mV 0C Model Setup 'pclk'
Slack : -0.767
TNS   : -23.561

Type  : Fast 1200mV 0C Model Setup 'clk31|altpll_component|auto_generated|pll1|clk[0]'
Slack : 28.615
TNS   : 0.000

Type  : Fast 1200mV 0C Model Hold 'pclk'
Slack : 0.201
TNS   : 0.000

Type  : Fast 1200mV 0C Model Hold 'clk31|altpll_component|auto_generated|pll1|clk[0]'
Slack : 0.294
TNS   : 0.000

Type  : Fast 1200mV 0C Model Minimum Pulse Width 'pclk'
Slack : -3.000
TNS   : -71.445

Type  : Fast 1200mV 0C Model Minimum Pulse Width 'clk'
Slack : 9.594
TNS   : 0.000

Type  : Fast 1200mV 0C Model Minimum Pulse Width 'clk31|altpll_component|auto_generated|pll1|clk[0]'
Slack : 15.608
TNS   : 0.000

------------------------------------------------------------
